<?xml version="1.0" encoding="UTF-8"?>
<Invoice xmlns="http://example.com/invoice">
</Invoice>
