<?xml version="1.0" encoding="UTF-8"?>
<Invoice xmlns="http://example.com/invoice">
    <InvoiceNumber>FA/2024/001</InvoiceNumber>
    <IssueDate>2024-01-15</IssueDate>
    <Seller>
        <Name>Test Company Sp. z o.o.</Name>
        <NIP>1234567890</NIP>
        <Address>
            <Street>ul. Testowa 1</Street>
            <City>Warszawa</City>
            <PostalCode>00-001</PostalCode>
        </Address>
    </Seller>
    <!-- Missing Buyer element - this should cause validation error -->
    <Items>
        <Item>
            <Name>Test Product</Name>
            <Quantity>2</Quantity>
            <UnitPrice>100.00</UnitPrice>
            <TotalPrice>200.00</TotalPrice>
        </Item>
    </Items>
    <TotalAmount>200.00</TotalAmount>
</Invoice>
